// Jest Snapshot v1, https://goo.gl/fbAQLP

exports[`MovieTile Snapshot test  renders correctly 1`] = `
<Styled(_default)
  onPress={[Function]}
  style={
    Array [
      Object {
        "shadowOffset": Object {
          "height": 4,
          "width": -2,
        },
        "shadowOpacity": 0.5,
        "shadowRadius": 4,
      },
      undefined,
    ]
  }
>
  <Styled(MYImage)
    source={
      Object {
        "uri": undefined,
      }
    }
  />
</Styled(_default)>
`;
